------------------------------------------------------------
Timing Analyzer Summary
------------------------------------------------------------

Type  : Slow 1200mV 85C Model Setup 'clk_manager|pll|altpll_component|auto_generated|pll1|clk[0]'
Slack : 17.324
TNS   : 0.000

Type  : Slow 1200mV 85C Model Hold 'clk_manager|pll|altpll_component|auto_generated|pll1|clk[0]'
Slack : 0.372
TNS   : 0.000

Type  : Slow 1200mV 85C Model Minimum Pulse Width 'clk_manager|pll|altpll_component|auto_generated|pll1|clk[0]'
Slack : 9.725
TNS   : 0.000

Type  : Slow 1200mV 85C Model Minimum Pulse Width 'rawclk'
Slack : 9.834
TNS   : 0.000

Type  : Slow 1200mV 0C Model Setup 'clk_manager|pll|altpll_component|auto_generated|pll1|clk[0]'
Slack : 17.589
TNS   : 0.000

Type  : Slow 1200mV 0C Model Hold 'clk_manager|pll|altpll_component|auto_generated|pll1|clk[0]'
Slack : 0.338
TNS   : 0.000

Type  : Slow 1200mV 0C Model Minimum Pulse Width 'clk_manager|pll|altpll_component|auto_generated|pll1|clk[0]'
Slack : 9.696
TNS   : 0.000

Type  : Slow 1200mV 0C Model Minimum Pulse Width 'rawclk'
Slack : 9.817
TNS   : 0.000

Type  : Fast 1200mV 0C Model Setup 'clk_manager|pll|altpll_component|auto_generated|pll1|clk[0]'
Slack : 18.369
TNS   : 0.000

Type  : Fast 1200mV 0C Model Hold 'clk_manager|pll|altpll_component|auto_generated|pll1|clk[0]'
Slack : 0.160
TNS   : 0.000

Type  : Fast 1200mV 0C Model Minimum Pulse Width 'rawclk'
Slack : 9.584
TNS   : 0.000

Type  : Fast 1200mV 0C Model Minimum Pulse Width 'clk_manager|pll|altpll_component|auto_generated|pll1|clk[0]'
Slack : 9.755
TNS   : 0.000

------------------------------------------------------------
